NO LOG FILE! - setting up server logging...
[2026-09-10 08:54:15:991 INFO] Starting Server
[2026-09-10 08:54:15:991 INFO] Version: 1.26.45.1
[2026-09-10 08:54:15:991 INFO] Session ID: 31e88f81-725b-4345-91f7-69a1fd899cb8
[2026-09-10 08:54:15:991 INFO] Build ID: 49559497
[2026-09-10 08:54:15:991 INFO] Branch: r/26_u4
[2026-09-10 08:54:15:991 INFO] Commit ID: 0dc2e0d8f6dbcf54498113d1d7f8a8a2accb448c
[2026-09-10 08:54:15:991 INFO] Configuration: Publish
[2026-09-10 08:54:15:991 INFO] Contents of server.properties: {}
[2026-09-10 08:54:15:991 INFO] Level Name: SmokeTest
[2026-09-10 08:54:15:991 INFO] Profiler config ('bootstrap.json') load result: success=1, errorMessage=(null)
[2026-09-10 08:54:15:992 ERROR] Error opening allow list file: allowlist.json
[2026-09-10 08:54:15:992 INFO] No CDN config file found at: cdn_config.json for dedicated server
[2026-09-10 08:54:15:992 INFO] Game mode: 1 Creative
[2026-09-10 08:54:15:992 INFO] Difficulty: 1 EASY
[2026-09-10 08:54:15:993 INFO] Content logging to console is enabled.
[2026-09-10 08:54:15:994 INFO] 

#####################################################
#                                                   #
#              CREATING VANILLA WORLD               #
#                                                   #
#####################################################
[2026-09-10 08:54:17:058 INFO] Content logging to disk is enabled. Writing log to: ContentLog2026-09-10_08-54-17
[2026-09-10 08:54:17:059 INFO] Opening level 'worlds/SmokeTest/db'
[2026-09-10 08:54:17:238 INFO] Pack Stack - [00] [墓] 死亡回収・墓 BP (id: 8aa58918-0a45-44ac-8d7a-dc5c1be8ef8a, version: 1.0.11) @ behavior_packs/bp_06_8aa58918-0a45-44ac-8d7a-dc5c1be8ef8a
[2026-09-10 08:54:17:238 INFO] Pack Stack - [01] [鉱石] モアジオード BP (id: 228eb1da-6372-4a9b-9050-a40256149144, version: 1.0.23) @ behavior_packs/bp_07_228eb1da-6372-4a9b-9050-a40256149144
[2026-09-10 08:54:17:238 INFO] Pack Stack - [02] [大型] Minecraft Dungeons BP (id: 2c5e0de8-0360-49ac-bfe5-339a2a0e62f2, version: 2.0.4) @ behavior_packs/bp_08_2c5e0de8-0360-49ac-bfe5-339a2a0e62f2
[2026-09-10 08:54:17:238 INFO] Pack Stack - [03] [装備] ゾンビ装備 BP (id: 7c8ac348-47ad-4f71-8503-dc40a6f813f1, version: 1.0.11) @ behavior_packs/bp_09_7c8ac348-47ad-4f71-8503-dc40a6f813f1
[2026-09-10 08:54:17:238 INFO] Pack Stack - [04] ピネン統合ビヘイビアーパック (id: 2b9dbf4f-7f7a-4e97-9687-4864e4f6f501, version: 1.0.66) @ behavior_packs/bp_15_4f6cac3a-cc5c-45b7-8ab5-9290d52b9639
[2026-09-10 08:54:17:238 INFO] Pack Stack - [05] [戦利品連携] Waystoneアイテム BP (id: 6b1f1e2b-2f6f-4e06-bfd7-2da2f9f5d2a1, version: 1.0.2) @ behavior_packs/bp_10_6b1f1e2b-2f6f-4e06-bfd7-2da2f9f5d2a1
[2026-09-10 08:54:17:238 INFO] Pack Stack - [06] [移動] Simple Waystone BP (id: e05afa0d-aa45-46bd-82d0-243c605d9737, version: 8.2.6) @ behavior_packs/bp_11_e05afa0d-aa45-46bd-82d0-243c605d9737
[2026-09-10 08:54:17:238 INFO] Pack Stack - [07] [音楽連携] 追加レコード連携 BP (id: 87a4083d-6ba7-4667-957b-dfee8b23e1b9, version: 1.1.8) @ behavior_packs/bp_12_87a4083d-6ba7-4667-957b-dfee8b23e1b9
[2026-09-10 08:54:17:238 INFO] Pack Stack - [08] [建築] INAKA家具 BP (id: 7e0c44d2-1b23-4073-b749-c81514e2ed94, version: 1.1.5) @ behavior_packs/bp_13_7e0c44d2-1b23-4073-b749-c81514e2ed94
[2026-09-10 08:54:17:238 INFO] Pack Stack - [09] [保管] 経験値ストレージ BP (id: a881d6c5-7cf5-4823-a26c-1766d70acd8c, version: 1.0.5) @ behavior_packs/bp_14_a881d6c5-7cf5-4823-a26c-1766d70acd8c
[2026-09-10 08:54:17:238 INFO] Pack Stack - [10] [戦利品] Better Structure Loot BP (id: 423276b9-02f5-4082-911a-c631a2d83d12, version: 1.0.14) @ behavior_packs/bp_01_423276b9-02f5-4082-911a-c631a2d83d12
[2026-09-10 08:54:17:238 INFO] Pack Stack - [11] [モブ] ギャップルカウズ BP (id: ef6e99cf-077d-4b55-9e11-f86bb9e66880, version: 1.0.32) @ behavior_packs/bp_02_ef6e99cf-077d-4b55-9e11-f86bb9e66880
[2026-09-10 08:54:17:238 INFO] Pack Stack - [12] [保守] 青リンゴ状態リセット BP (id: 969b1f80-d29c-454f-ab4e-9798b508c1fc, version: 1.0.6) @ behavior_packs/bp_03_969b1f80-d29c-454f-ab4e-9798b508c1fc
[2026-09-10 08:54:17:238 INFO] Pack Stack - [13] [音楽] ピネCDアイテム BP (id: b29dadb1-6c0e-42f6-a56e-f52e01dff8e9, version: 1.0.27) @ behavior_packs/bp_04_b29dadb1-6c0e-42f6-a56e-f52e01dff8e9
[2026-09-10 08:54:17:238 INFO] Pack Stack - [14] [装備] Deathnerite BP (id: 90f045c3-0718-4981-a1ff-180976002a93, version: 2.12.18) @ behavior_packs/bp_05_90f045c3-0718-4981-a1ff-180976002a93
[2026-09-10 08:54:17:238 INFO] Pack Stack - [15] 無限城ビヘイビアーパック (id: 3efecae8-a036-4e14-94d3-876e29fe0ae9, version: 0.1.42) @ behavior_packs/bp_16_3efecae8-a036-4e14-94d3-876e29fe0ae9
[2026-09-10 08:54:17:238 INFO] Pack Stack - [16] Pinene PvP Island BP (id: c65bcd04-4708-4716-86bf-bbd6ab936fd3, version: 0.2.16) @ behavior_packs/bp_17_c65bcd04-4708-4716-86bf-bbd6ab936fd3
[2026-09-10 08:54:17:553 INFO] [Scripting] [meitetsu_chest] password native container with owner recovery menu loaded

[2026-09-10 08:54:17:934 INFO] [Scripting] [ctm] rc:block_checker registered

[2026-09-10 08:54:17:934 INFO] [Scripting] [kyuden:roadmirror] component registered (2.2.0) - fixed break

[2026-09-10 08:54:17:934 INFO] [Scripting] [kyuden:dentyu] component registered (2.2.0)

[2026-09-10 08:54:17:934 INFO] [Scripting] [kyuden:pillarbox] component registered (2.2.0)

[2026-09-10 08:54:22:309 ERROR] [Recipes] recipes/onso/onso_from_all_cds_any_mix_shapeless.recipe.json | myname:recipe_onso_from_all_cds_any_mix_shapeless | The Item Tag: myname:all_cds is missing or invalid, can't make the recipe


[2026-09-10 08:54:22:309 ERROR] [Recipes] recipes/onso/onso_from_all_cds_any_mix_shapeless.recipe.json | myname:recipe_onso_from_all_cds_any_mix_shapeless | Recipe result malformed


[2026-09-10 08:54:22:310 ERROR] [Recipes] recipes/onso/onso_from_all_cds_tag.recipe.json | myname:recipe_onso_from_all_cds | The Item Tag: myname:all_cds is missing or invalid, can't make the recipe


[2026-09-10 08:54:22:310 ERROR] [Recipes] recipes/onso/onso_from_all_cds_tag.recipe.json | myname:recipe_onso_from_all_cds | Recipe result malformed


[2026-09-10 08:54:22:310 ERROR] [Recipes] recipes/onso/onso_from_all_cds_shaped.recipe.json | myname:recipe_onso_from_all_cds_shaped | The Item Tag: myname:all_cds is missing or invalid, can't make the recipe


[2026-09-10 08:54:22:310 ERROR] [Recipes] recipes/onso/onso_from_all_cds_shaped.recipe.json | myname:recipe_onso_from_all_cds_shaped | Recipe for: myname:recipe_onso_from_all_cds_shaped is missing (unknown) ingredient


[2026-09-10 08:54:22:311 ERROR] [Recipes] recipes/blue_diamond_apple.recipe.json | myname:blue_diamond_apple | 1.20+ Recipes require unlock data


[2026-09-10 08:54:22:315 ERROR] [Recipes] recipes/enchanted_blue_diamond_apple.recipe.json | myname:enchanted_blue_diamond_apple | 1.20+ Recipes require unlock data


[2026-09-10 08:54:23:148 INFO] IPv4 supported, port: 29132: Used for gameplay
[2026-09-10 08:54:23:148 INFO] IPv6 supported, port: 29133: Used for gameplay
[2026-09-10 08:54:23:221 INFO] Signed in to signaling service successfully
[2026-09-10 08:54:23:222 INFO] Server started.
[2026-09-10 08:54:23:222 INFO] ================ TELEMETRY MESSAGE ===================
[2026-09-10 08:54:23:222 INFO] Server Telemetry is currently not enabled. 
[2026-09-10 08:54:23:222 INFO] Enabling this telemetry helps us improve the game.
[2026-09-10 08:54:23:222 INFO] 
[2026-09-10 08:54:23:222 INFO] To enable this feature, add the line 'emit-server-telemetry=true'
[2026-09-10 08:54:23:222 INFO] to the server.properties file in the handheld/src-server directory
[2026-09-10 08:54:23:222 INFO] ======================================================
[2026-09-10 08:54:23:496 WARN] [Scripting] Item custom component 'pinene:waystone_menu' is not being used by an item

[2026-09-10 08:54:24:278 INFO] [Scripting] [ZombieGear] Script boot OK (2026-05-02c)

[2026-09-10 08:54:24:279 INFO] [Scripting] [CopperRegistry] minecraft:copper_sword=OK resolved=minecraft:copper_sword

[2026-09-10 08:54:24:279 INFO] [Scripting] [CopperRegistry] minecraft:copper_axe=OK resolved=minecraft:copper_axe

[2026-09-10 08:54:24:279 INFO] [Scripting] [CopperRegistry] minecraft:copper_pickaxe=OK resolved=minecraft:copper_pickaxe

[2026-09-10 08:54:24:279 INFO] [Scripting] [CopperRegistry] minecraft:copper_shovel=OK resolved=minecraft:copper_shovel

[2026-09-10 08:54:24:279 INFO] [Scripting] [CopperRegistry] minecraft:copper_hoe=OK resolved=minecraft:copper_hoe

[2026-09-10 08:54:24:539 INFO] IPv4 supported, port: 19132 used for LAN discovery
[2026-09-10 08:54:24:539 INFO] IPv6 supported, port: 19133
[2026-09-10 08:54:44:280 INFO] Server stop requested.
[2026-09-10 08:54:44:328 INFO] Stopping server...
Quit correctly
