NO LOG FILE! - setting up server logging...
[2026-09-12 02:57:54:118 INFO] Starting Server
[2026-09-12 02:57:54:118 INFO] Version: 1.26.45.1
[2026-09-12 02:57:54:118 INFO] Session ID: 058fea5c-885f-43dc-ad00-c8e62fed8f12
[2026-09-12 02:57:54:118 INFO] Build ID: 49559497
[2026-09-12 02:57:54:118 INFO] Branch: r/26_u4
[2026-09-12 02:57:54:118 INFO] Commit ID: 0dc2e0d8f6dbcf54498113d1d7f8a8a2accb448c
[2026-09-12 02:57:54:118 INFO] Configuration: Publish
[2026-09-12 02:57:54:119 INFO] Contents of server.properties: {}
[2026-09-12 02:57:54:119 INFO] Level Name: Bedrock level
[2026-09-12 02:57:54:120 INFO] Profiler config ('bootstrap.json') load result: success=1, errorMessage=(null)
[2026-09-12 02:57:54:122 INFO] No CDN config file found at: cdn_config.json for dedicated server
[2026-09-12 02:57:54:122 INFO] Game mode: 0 Survival
[2026-09-12 02:57:54:122 INFO] Difficulty: 2 NORMAL
[2026-09-12 02:57:54:124 WARN] Content logging to console is disabled.  Enable it with content-log-console-output-enabled=true in server.properties
[2026-09-12 02:57:54:137 INFO]

#####################################################
#                                                   #
#               LOADING VANILLA WORLD               #
#                                                   #
#####################################################
[2026-09-12 02:57:55:198 INFO] Content logging to disk is enabled. Writing log to: ContentLog2026-09-12_02-57-55
[2026-09-12 02:57:55:200 INFO] Opening level 'worlds/Bedrock level/db'
[2026-09-12 02:57:55:859 INFO] Pack Stack - [00] [墓] 死亡回収・墓 BP (id: 8aa58918-0a45-44ac-8d7a-dc5c1be8ef8a, version: 1.0.11) @ behavior_packs/bp_06_8aa58918-0a45-44ac-8d7a-dc5c1be8ef8a
[2026-09-12 02:57:55:859 INFO] Pack Stack - [01] [鉱石] モアジオード BP (id: 228eb1da-6372-4a9b-9050-a40256149144, version: 1.0.23) @ behavior_packs/bp_07_228eb1da-6372-4a9b-9050-a40256149144
[2026-09-12 02:57:55:859 INFO] Pack Stack - [02] [大型] Minecraft Dungeons BP (id: 2c5e0de8-0360-49ac-bfe5-339a2a0e62f2, version: 2.0.6) @ behavior_packs/bp_08_2c5e0de8-0360-49ac-bfe5-339a2a0e62f2
[2026-09-12 02:57:55:860 INFO] Pack Stack - [03] [装備] ゾンビ装備 BP (id: 7c8ac348-47ad-4f71-8503-dc40a6f813f1, version: 1.1.3) @ behavior_packs/bp_09_7c8ac348-47ad-4f71-8503-dc40a6f813f1
[2026-09-12 02:57:55:860 INFO] Pack Stack - [04] ピネン統合ビヘイビアーパック (id: 2b9dbf4f-7f7a-4e97-9687-4864e4f6f501, version: 1.0.66) @ behavior_packs/bp_15_4f6cac3a-cc5c-45b7-8ab5-9290d52b9639
[2026-09-12 02:57:55:860 INFO] Pack Stack - [05] [移動] Simple Waystone BP (id: e05afa0d-aa45-46bd-82d0-243c605d9737, version: 8.2.6) @ behavior_packs/bp_11_e05afa0d-aa45-46bd-82d0-243c605d9737
[2026-09-12 02:57:55:860 INFO] Pack Stack - [06] [音楽連携] 追加レコード連携 BP (id: 87a4083d-6ba7-4667-957b-dfee8b23e1b9, version: 1.1.8) @ behavior_packs/bp_12_87a4083d-6ba7-4667-957b-dfee8b23e1b9
[2026-09-12 02:57:55:860 INFO] Pack Stack - [07] [建築] INAKA家具 BP (id: 7e0c44d2-1b23-4073-b749-c81514e2ed94, version: 1.1.5) @ behavior_packs/bp_13_7e0c44d2-1b23-4073-b749-c81514e2ed94
[2026-09-12 02:57:55:860 INFO] Pack Stack - [08] [保管] 経験値ストレージ BP (id: a881d6c5-7cf5-4823-a26c-1766d70acd8c, version: 1.0.5) @ behavior_packs/bp_14_a881d6c5-7cf5-4823-a26c-1766d70acd8c
[2026-09-12 02:57:55:860 INFO] Pack Stack - [09] [戦利品] Better Structure Loot BP (id: 423276b9-02f5-4082-911a-c631a2d83d12, version: 1.0.17) @ behavior_packs/bp_01_423276b9-02f5-4082-911a-c631a2d83d12
[2026-09-12 02:57:55:860 INFO] Pack Stack - [10] [モブ] ギャップルカウズ BP (id: ef6e99cf-077d-4b55-9e11-f86bb9e66880, version: 1.0.33) @ behavior_packs/bp_02_ef6e99cf-077d-4b55-9e11-f86bb9e66880
[2026-09-12 02:57:55:860 INFO] Pack Stack - [11] [保守] 青リンゴ状態リセット BP (id: 969b1f80-d29c-454f-ab4e-9798b508c1fc, version: 1.0.6) @ behavior_packs/bp_03_969b1f80-d29c-454f-ab4e-9798b508c1fc
[2026-09-12 02:57:55:860 INFO] Pack Stack - [12] [音楽] ピネCDアイテム BP (id: b29dadb1-6c0e-42f6-a56e-f52e01dff8e9, version: 1.0.27) @ behavior_packs/bp_04_b29dadb1-6c0e-42f6-a56e-f52e01dff8e9
[2026-09-12 02:57:55:860 INFO] Pack Stack - [13] [装備] Deathnerite BP (id: 90f045c3-0718-4981-a1ff-180976002a93, version: 2.12.18) @ behavior_packs/bp_05_90f045c3-0718-4981-a1ff-180976002a93
[2026-09-12 02:57:55:860 INFO] Pack Stack - [14] 無限城ビヘイビアーパック (id: 3efecae8-a036-4e14-94d3-876e29fe0ae9, version: 0.2.2) @ behavior_packs/bp_16_3efecae8-a036-4e14-94d3-876e29fe0ae9
[2026-09-12 02:57:55:860 INFO] Pack Stack - [15] Pinene PvP Island BP (id: c65bcd04-4708-4716-86bf-bbd6ab936fd3, version: 0.2.16) @ behavior_packs/bp_17_c65bcd04-4708-4716-86bf-bbd6ab936fd3
[2026-09-12 02:58:02:434 INFO] IPv4 supported, port: 19132: Used for gameplay and LAN discovery
[2026-09-12 02:58:02:434 INFO] IPv6 supported, port: 19133: Used for gameplay
[2026-09-12 02:58:02:518 INFO] Signed in to signaling service successfully
[2026-09-12 02:58:02:519 INFO] Waiting for Minecraft services...
[2026-09-12 02:58:02:720 INFO] Server started.
[2026-09-12 02:58:02:720 INFO] ================ TELEMETRY MESSAGE ===================
[2026-09-12 02:58:02:720 INFO] Server Telemetry is currently not enabled.
[2026-09-12 02:58:02:720 INFO] Enabling this telemetry helps us improve the game.
[2026-09-12 02:58:02:720 INFO]
[2026-09-12 02:58:02:720 INFO] To enable this feature, add the line 'emit-server-telemetry=true'
[2026-09-12 02:58:02:720 INFO] to the server.properties file in the handheld/src-server directory
[2026-09-12 02:58:02:720 INFO] ======================================================
